{
  "wrappedSnapshot" : [ {
    "$metadatas$" : {
      "$iAmPlayerMetadatas$" : true,
      "$id$" : 1,
      "$signature$" : "eyJjbGF6ek5hbWUiOiJvcmcuanNvbnBsYXliYWNrLnBsYXllci5oaWJlcm5hdGUuZW50aXRpZXMuTWFzdGVyQUVudCIsInJhd0tleVZhbHVlcyI6WyIwIl0sInJhd0tleVR5cGVOYW1lcyI6WyJqYXZhLmxhbmcuSW50ZWdlciJdfQ",
      "$playerObjectId$" : 0
    },
    "id" : 0,
    "vcharA" : "MasterAEnt_REG00_REG01_VcharA",
    "vcharB" : "MasterAEnt_REG00_REG01_VcharB",
    "dateA" : 1543536000000,
    "datetimeA" : 1546304400000,
    "blobA" : "TWFzdGVyQUVudF9SRUcwMF9CbG9iQQ==",
    "blobB" : "TWFzdGVyQUVudF9SRUcwMF9CbG9iQg==",
    "hbVersion" : 0,
    "detailAEntCol" : {
      "$metadatas$" : {
        "$iAmPlayerMetadatas$" : true,
        "$signature$" : "eyJjbGF6ek5hbWUiOiJvcmcuanNvbnBsYXliYWNrLnBsYXllci5oaWJlcm5hdGUuZW50aXRpZXMuTWFzdGVyQUVudCIsImlzQ29sbCI6dHJ1ZSwicHJvcGVydHlOYW1lIjoiZGV0YWlsQUVudENvbCIsInJhd0tleVZhbHVlcyI6WyIwIl0sInJhd0tleVR5cGVOYW1lcyI6WyJqYXZhLmxhbmcuSW50ZWdlciJdfQ",
        "$isLazyUninitialized$" : true,
        "$isAssociative$" : true
      }
    },
    "blobLazyA" : "TWFzdGVyQUVudF9SRUcwMF9CbG9iTGF6eUE=",
    "blobLazyB" : "TWFzdGVyQUVudF9SRUcwMF9CbG9iTGF6eUI=",
    "clobLazyA" : "MasterAEnt_REG00_ClobLazyB",
    "clobLazyB" : "MasterAEnt_REG00_ClobLazyB"
  }, {
    "$metadatas$" : {
      "$iAmPlayerMetadatas$" : true,
      "$id$" : 2,
      "$signature$" : "eyJjbGF6ek5hbWUiOiJvcmcuanNvbnBsYXliYWNrLnBsYXllci5oaWJlcm5hdGUuZW50aXRpZXMuTWFzdGVyQUVudCIsInJhd0tleVZhbHVlcyI6WyIxIl0sInJhd0tleVR5cGVOYW1lcyI6WyJqYXZhLmxhbmcuSW50ZWdlciJdfQ",
      "$playerObjectId$" : 1
    },
    "id" : 1,
    "vcharA" : "MasterAEnt_REG01_REG01_VcharA",
    "vcharB" : "MasterAEnt_REG01_REG01_VcharB",
    "dateA" : 1546300800000,
    "datetimeA" : 1546304461000,
    "blobA" : "TWFzdGVyQUVudF9SRUcwMV9CbG9iQQ==",
    "blobB" : "TWFzdGVyQUVudF9SRUcwMV9CbG9iQg==",
    "hbVersion" : 0,
    "detailAEntCol" : {
      "$metadatas$" : {
        "$iAmPlayerMetadatas$" : true,
        "$signature$" : "eyJjbGF6ek5hbWUiOiJvcmcuanNvbnBsYXliYWNrLnBsYXllci5oaWJlcm5hdGUuZW50aXRpZXMuTWFzdGVyQUVudCIsImlzQ29sbCI6dHJ1ZSwicHJvcGVydHlOYW1lIjoiZGV0YWlsQUVudENvbCIsInJhd0tleVZhbHVlcyI6WyIxIl0sInJhd0tleVR5cGVOYW1lcyI6WyJqYXZhLmxhbmcuSW50ZWdlciJdfQ",
        "$isLazyUninitialized$" : true,
        "$isAssociative$" : true
      }
    },
    "blobLazyA" : "TWFzdGVyQUVudF9SRUcwMV9CbG9iTGF6eUE=",
    "blobLazyB" : "TWFzdGVyQUVudF9SRUcwMV9CbG9iTGF6eUI=",
    "clobLazyA" : "MasterAEnt_REG01_ClobLazyB",
    "clobLazyB" : "MasterAEnt_REG01_ClobLazyB"
  }, {
    "$metadatas$" : {
      "$iAmPlayerMetadatas$" : true,
      "$id$" : 3,
      "$signature$" : "eyJjbGF6ek5hbWUiOiJvcmcuanNvbnBsYXliYWNrLnBsYXllci5oaWJlcm5hdGUuZW50aXRpZXMuTWFzdGVyQUVudCIsInJhd0tleVZhbHVlcyI6WyIyIl0sInJhd0tleVR5cGVOYW1lcyI6WyJqYXZhLmxhbmcuSW50ZWdlciJdfQ",
      "$playerObjectId$" : 2
    },
    "id" : 2,
    "vcharA" : "MasterAEnt_REG02_REG01_VcharA",
    "vcharB" : "MasterAEnt_REG02_REG01_VcharB",
    "dateA" : 1549065600000,
    "datetimeA" : 1546304522000,
    "blobA" : "TWFzdGVyQUVudF9SRUcwMl9CbG9iQQ==",
    "blobB" : "TWFzdGVyQUVudF9SRUcwMl9CbG9iQg==",
    "hbVersion" : 0,
    "detailAEntCol" : {
      "$metadatas$" : {
        "$iAmPlayerMetadatas$" : true,
        "$signature$" : "eyJjbGF6ek5hbWUiOiJvcmcuanNvbnBsYXliYWNrLnBsYXllci5oaWJlcm5hdGUuZW50aXRpZXMuTWFzdGVyQUVudCIsImlzQ29sbCI6dHJ1ZSwicHJvcGVydHlOYW1lIjoiZGV0YWlsQUVudENvbCIsInJhd0tleVZhbHVlcyI6WyIyIl0sInJhd0tleVR5cGVOYW1lcyI6WyJqYXZhLmxhbmcuSW50ZWdlciJdfQ",
        "$isLazyUninitialized$" : true,
        "$isAssociative$" : true
      }
    },
    "blobLazyA" : "TWFzdGVyQUVudF9SRUcwMl9CbG9iTGF6eUE=",
    "blobLazyB" : "TWFzdGVyQUVudF9SRUcwMl9CbG9iTGF6eUI=",
    "clobLazyA" : "MasterAEnt_REG02_ClobLazyB",
    "clobLazyB" : "MasterAEnt_REG02_ClobLazyB"
  }, {
    "$metadatas$" : {
      "$iAmPlayerMetadatas$" : true,
      "$id$" : 4,
      "$signature$" : "eyJjbGF6ek5hbWUiOiJvcmcuanNvbnBsYXliYWNrLnBsYXllci5oaWJlcm5hdGUuZW50aXRpZXMuTWFzdGVyQUVudCIsInJhd0tleVZhbHVlcyI6WyIzIl0sInJhd0tleVR5cGVOYW1lcyI6WyJqYXZhLmxhbmcuSW50ZWdlciJdfQ",
      "$playerObjectId$" : 3
    },
    "id" : 3,
    "vcharA" : "MasterAEnt_REG03_REG01_VcharA",
    "vcharB" : "MasterAEnt_REG03_REG01_VcharB",
    "dateA" : 1551571200000,
    "datetimeA" : 1546304583000,
    "blobA" : "TWFzdGVyQUVudF9SRUcwM19CbG9iQQ==",
    "blobB" : "TWFzdGVyQUVudF9SRUcwM19CbG9iQg==",
    "hbVersion" : 0,
    "detailAEntCol" : {
      "$metadatas$" : {
        "$iAmPlayerMetadatas$" : true,
        "$signature$" : "eyJjbGF6ek5hbWUiOiJvcmcuanNvbnBsYXliYWNrLnBsYXllci5oaWJlcm5hdGUuZW50aXRpZXMuTWFzdGVyQUVudCIsImlzQ29sbCI6dHJ1ZSwicHJvcGVydHlOYW1lIjoiZGV0YWlsQUVudENvbCIsInJhd0tleVZhbHVlcyI6WyIzIl0sInJhd0tleVR5cGVOYW1lcyI6WyJqYXZhLmxhbmcuSW50ZWdlciJdfQ",
        "$isLazyUninitialized$" : true,
        "$isAssociative$" : true
      }
    },
    "blobLazyA" : "TWFzdGVyQUVudF9SRUcwM19CbG9iTGF6eUE=",
    "blobLazyB" : "TWFzdGVyQUVudF9SRUcwM19CbG9iTGF6eUI=",
    "clobLazyA" : "MasterAEnt_REG03_ClobLazyB",
    "clobLazyB" : "MasterAEnt_REG03_ClobLazyB"
  }, {
    "$metadatas$" : {
      "$iAmPlayerMetadatas$" : true,
      "$id$" : 5,
      "$signature$" : "eyJjbGF6ek5hbWUiOiJvcmcuanNvbnBsYXliYWNrLnBsYXllci5oaWJlcm5hdGUuZW50aXRpZXMuTWFzdGVyQUVudCIsInJhd0tleVZhbHVlcyI6WyI0Il0sInJhd0tleVR5cGVOYW1lcyI6WyJqYXZhLmxhbmcuSW50ZWdlciJdfQ",
      "$playerObjectId$" : 4
    },
    "id" : 4,
    "vcharA" : "MasterAEnt_REG04_REG01_VcharA",
    "vcharB" : "MasterAEnt_REG04_REG01_VcharB",
    "dateA" : 1554336000000,
    "datetimeA" : 1546304644000,
    "blobA" : "TWFzdGVyQUVudF9SRUcwNF9CbG9iQQ==",
    "blobB" : "TWFzdGVyQUVudF9SRUcwNF9CbG9iQg==",
    "hbVersion" : 0,
    "detailAEntCol" : {
      "$metadatas$" : {
        "$iAmPlayerMetadatas$" : true,
        "$signature$" : "eyJjbGF6ek5hbWUiOiJvcmcuanNvbnBsYXliYWNrLnBsYXllci5oaWJlcm5hdGUuZW50aXRpZXMuTWFzdGVyQUVudCIsImlzQ29sbCI6dHJ1ZSwicHJvcGVydHlOYW1lIjoiZGV0YWlsQUVudENvbCIsInJhd0tleVZhbHVlcyI6WyI0Il0sInJhd0tleVR5cGVOYW1lcyI6WyJqYXZhLmxhbmcuSW50ZWdlciJdfQ",
        "$isLazyUninitialized$" : true,
        "$isAssociative$" : true
      }
    },
    "blobLazyA" : "TWFzdGVyQUVudF9SRUcwNF9CbG9iTGF6eUE=",
    "blobLazyB" : "TWFzdGVyQUVudF9SRUcwNF9CbG9iTGF6eUI=",
    "clobLazyA" : "MasterAEnt_REG04_ClobLazyB",
    "clobLazyB" : "MasterAEnt_REG04_ClobLazyB"
  }, {
    "$metadatas$" : {
      "$iAmPlayerMetadatas$" : true,
      "$id$" : 6,
      "$signature$" : "eyJjbGF6ek5hbWUiOiJvcmcuanNvbnBsYXliYWNrLnBsYXllci5oaWJlcm5hdGUuZW50aXRpZXMuTWFzdGVyQUVudCIsInJhd0tleVZhbHVlcyI6WyI1Il0sInJhd0tleVR5cGVOYW1lcyI6WyJqYXZhLmxhbmcuSW50ZWdlciJdfQ",
      "$playerObjectId$" : 5
    },
    "id" : 5,
    "vcharA" : "MasterAEnt_REG05_REG01_VcharA",
    "vcharB" : "MasterAEnt_REG05_REG01_VcharB",
    "dateA" : 1557014400000,
    "datetimeA" : 1546304705000,
    "blobA" : "TWFzdGVyQUVudF9SRUcwNV9CbG9iQQ==",
    "blobB" : "TWFzdGVyQUVudF9SRUcwNV9CbG9iQg==",
    "hbVersion" : 0,
    "detailAEntCol" : {
      "$metadatas$" : {
        "$iAmPlayerMetadatas$" : true,
        "$signature$" : "eyJjbGF6ek5hbWUiOiJvcmcuanNvbnBsYXliYWNrLnBsYXllci5oaWJlcm5hdGUuZW50aXRpZXMuTWFzdGVyQUVudCIsImlzQ29sbCI6dHJ1ZSwicHJvcGVydHlOYW1lIjoiZGV0YWlsQUVudENvbCIsInJhd0tleVZhbHVlcyI6WyI1Il0sInJhd0tleVR5cGVOYW1lcyI6WyJqYXZhLmxhbmcuSW50ZWdlciJdfQ",
        "$isLazyUninitialized$" : true,
        "$isAssociative$" : true
      }
    },
    "blobLazyA" : "TWFzdGVyQUVudF9SRUcwNV9CbG9iTGF6eUE=",
    "blobLazyB" : "TWFzdGVyQUVudF9SRUcwNV9CbG9iTGF6eUI=",
    "clobLazyA" : "MasterAEnt_REG05_ClobLazyB",
    "clobLazyB" : "MasterAEnt_REG05_ClobLazyB"
  }, {
    "$metadatas$" : {
      "$iAmPlayerMetadatas$" : true,
      "$id$" : 7,
      "$signature$" : "eyJjbGF6ek5hbWUiOiJvcmcuanNvbnBsYXliYWNrLnBsYXllci5oaWJlcm5hdGUuZW50aXRpZXMuTWFzdGVyQUVudCIsInJhd0tleVZhbHVlcyI6WyI2Il0sInJhd0tleVR5cGVOYW1lcyI6WyJqYXZhLmxhbmcuSW50ZWdlciJdfQ",
      "$playerObjectId$" : 6
    },
    "id" : 6,
    "vcharA" : "MasterAEnt_REG06_REG01_VcharA",
    "vcharB" : "MasterAEnt_REG06_REG01_VcharB",
    "dateA" : 1559779200000,
    "datetimeA" : 1546304766000,
    "blobA" : "TWFzdGVyQUVudF9SRUcwNl9CbG9iQQ==",
    "blobB" : "TWFzdGVyQUVudF9SRUcwNl9CbG9iQg==",
    "hbVersion" : 0,
    "detailAEntCol" : {
      "$metadatas$" : {
        "$iAmPlayerMetadatas$" : true,
        "$signature$" : "eyJjbGF6ek5hbWUiOiJvcmcuanNvbnBsYXliYWNrLnBsYXllci5oaWJlcm5hdGUuZW50aXRpZXMuTWFzdGVyQUVudCIsImlzQ29sbCI6dHJ1ZSwicHJvcGVydHlOYW1lIjoiZGV0YWlsQUVudENvbCIsInJhd0tleVZhbHVlcyI6WyI2Il0sInJhd0tleVR5cGVOYW1lcyI6WyJqYXZhLmxhbmcuSW50ZWdlciJdfQ",
        "$isLazyUninitialized$" : true,
        "$isAssociative$" : true
      }
    },
    "blobLazyA" : "TWFzdGVyQUVudF9SRUcwNl9CbG9iTGF6eUE=",
    "blobLazyB" : "TWFzdGVyQUVudF9SRUcwNl9CbG9iTGF6eUI=",
    "clobLazyA" : "MasterAEnt_REG06_ClobLazyB",
    "clobLazyB" : "MasterAEnt_REG06_ClobLazyB"
  }, {
    "$metadatas$" : {
      "$iAmPlayerMetadatas$" : true,
      "$id$" : 8,
      "$signature$" : "eyJjbGF6ek5hbWUiOiJvcmcuanNvbnBsYXliYWNrLnBsYXllci5oaWJlcm5hdGUuZW50aXRpZXMuTWFzdGVyQUVudCIsInJhd0tleVZhbHVlcyI6WyI3Il0sInJhd0tleVR5cGVOYW1lcyI6WyJqYXZhLmxhbmcuSW50ZWdlciJdfQ",
      "$playerObjectId$" : 7
    },
    "id" : 7,
    "vcharA" : "MasterAEnt_REG07_REG01_VcharA",
    "vcharB" : "MasterAEnt_REG07_REG01_VcharB",
    "dateA" : 1562457600000,
    "datetimeA" : 1546304827000,
    "blobA" : "TWFzdGVyQUVudF9SRUcwN19CbG9iQQ==",
    "blobB" : "TWFzdGVyQUVudF9SRUcwN19CbG9iQg==",
    "hbVersion" : 0,
    "detailAEntCol" : {
      "$metadatas$" : {
        "$iAmPlayerMetadatas$" : true,
        "$signature$" : "eyJjbGF6ek5hbWUiOiJvcmcuanNvbnBsYXliYWNrLnBsYXllci5oaWJlcm5hdGUuZW50aXRpZXMuTWFzdGVyQUVudCIsImlzQ29sbCI6dHJ1ZSwicHJvcGVydHlOYW1lIjoiZGV0YWlsQUVudENvbCIsInJhd0tleVZhbHVlcyI6WyI3Il0sInJhd0tleVR5cGVOYW1lcyI6WyJqYXZhLmxhbmcuSW50ZWdlciJdfQ",
        "$isLazyUninitialized$" : true,
        "$isAssociative$" : true
      }
    },
    "blobLazyA" : "TWFzdGVyQUVudF9SRUcwN19CbG9iTGF6eUE=",
    "blobLazyB" : "TWFzdGVyQUVudF9SRUcwN19CbG9iTGF6eUI=",
    "clobLazyA" : "MasterAEnt_REG07_ClobLazyB",
    "clobLazyB" : "MasterAEnt_REG07_ClobLazyB"
  }, {
    "$metadatas$" : {
      "$iAmPlayerMetadatas$" : true,
      "$id$" : 9,
      "$signature$" : "eyJjbGF6ek5hbWUiOiJvcmcuanNvbnBsYXliYWNrLnBsYXllci5oaWJlcm5hdGUuZW50aXRpZXMuTWFzdGVyQUVudCIsInJhd0tleVZhbHVlcyI6WyI4Il0sInJhd0tleVR5cGVOYW1lcyI6WyJqYXZhLmxhbmcuSW50ZWdlciJdfQ",
      "$playerObjectId$" : 8
    },
    "id" : 8,
    "vcharA" : "MasterAEnt_REG08_REG01_VcharA",
    "vcharB" : "MasterAEnt_REG08_REG01_VcharB",
    "dateA" : 1565222400000,
    "datetimeA" : 1546304888000,
    "blobA" : "TWFzdGVyQUVudF9SRUcwOF9CbG9iQQ==",
    "blobB" : "TWFzdGVyQUVudF9SRUcwOF9CbG9iQg==",
    "hbVersion" : 0,
    "detailAEntCol" : {
      "$metadatas$" : {
        "$iAmPlayerMetadatas$" : true,
        "$signature$" : "eyJjbGF6ek5hbWUiOiJvcmcuanNvbnBsYXliYWNrLnBsYXllci5oaWJlcm5hdGUuZW50aXRpZXMuTWFzdGVyQUVudCIsImlzQ29sbCI6dHJ1ZSwicHJvcGVydHlOYW1lIjoiZGV0YWlsQUVudENvbCIsInJhd0tleVZhbHVlcyI6WyI4Il0sInJhd0tleVR5cGVOYW1lcyI6WyJqYXZhLmxhbmcuSW50ZWdlciJdfQ",
        "$isLazyUninitialized$" : true,
        "$isAssociative$" : true
      }
    },
    "blobLazyA" : "TWFzdGVyQUVudF9SRUcwOF9CbG9iTGF6eUE=",
    "blobLazyB" : "TWFzdGVyQUVudF9SRUcwOF9CbG9iTGF6eUI=",
    "clobLazyA" : "MasterAEnt_REG08_ClobLazyB",
    "clobLazyB" : "MasterAEnt_REG08_ClobLazyB"
  }, {
    "$metadatas$" : {
      "$iAmPlayerMetadatas$" : true,
      "$id$" : 10,
      "$signature$" : "eyJjbGF6ek5hbWUiOiJvcmcuanNvbnBsYXliYWNrLnBsYXllci5oaWJlcm5hdGUuZW50aXRpZXMuTWFzdGVyQUVudCIsInJhd0tleVZhbHVlcyI6WyI5Il0sInJhd0tleVR5cGVOYW1lcyI6WyJqYXZhLmxhbmcuSW50ZWdlciJdfQ",
      "$playerObjectId$" : 9
    },
    "id" : 9,
    "vcharA" : "MasterAEnt_REG09_REG01_VcharA",
    "vcharB" : "MasterAEnt_REG09_REG01_VcharB",
    "dateA" : 1567987200000,
    "datetimeA" : 1546304949000,
    "blobA" : "TWFzdGVyQUVudF9SRUcwOV9CbG9iQQ==",
    "blobB" : "TWFzdGVyQUVudF9SRUcwOV9CbG9iQg==",
    "hbVersion" : 0,
    "detailAEntCol" : {
      "$metadatas$" : {
        "$iAmPlayerMetadatas$" : true,
        "$signature$" : "eyJjbGF6ek5hbWUiOiJvcmcuanNvbnBsYXliYWNrLnBsYXllci5oaWJlcm5hdGUuZW50aXRpZXMuTWFzdGVyQUVudCIsImlzQ29sbCI6dHJ1ZSwicHJvcGVydHlOYW1lIjoiZGV0YWlsQUVudENvbCIsInJhd0tleVZhbHVlcyI6WyI5Il0sInJhd0tleVR5cGVOYW1lcyI6WyJqYXZhLmxhbmcuSW50ZWdlciJdfQ",
        "$isLazyUninitialized$" : true,
        "$isAssociative$" : true
      }
    },
    "blobLazyA" : "TWFzdGVyQUVudF9SRUcwOV9CbG9iTGF6eUE=",
    "blobLazyB" : "TWFzdGVyQUVudF9SRUcwOV9CbG9iTGF6eUI=",
    "clobLazyA" : "MasterAEnt_REG09_ClobLazyB",
    "clobLazyB" : "MasterAEnt_REG09_ClobLazyB"
  }, {
    "$metadatas$" : {
      "$iAmPlayerMetadatas$" : true,
      "$id$" : 11,
      "$signature$" : "eyJjbGF6ek5hbWUiOiJvcmcuanNvbnBsYXliYWNrLnBsYXllci5oaWJlcm5hdGUuZW50aXRpZXMuTWFzdGVyQUVudCIsInJhd0tleVZhbHVlcyI6WyIxMCJdLCJyYXdLZXlUeXBlTmFtZXMiOlsiamF2YS5sYW5nLkludGVnZXIiXX0",
      "$playerObjectId$" : 10
    },
    "id" : 10,
    "vcharA" : "MasterAEnt_REG10_REG01_VcharA",
    "vcharB" : "MasterAEnt_REG10_REG01_VcharB",
    "dateA" : 1543536000000,
    "datetimeA" : 1546304400000,
    "blobA" : "TWFzdGVyQUVudF9SRUcwMF9CbG9iQQ==",
    "blobB" : "TWFzdGVyQUVudF9SRUcxMF9CbG9iQg==",
    "hbVersion" : 0,
    "detailAEntCol" : {
      "$metadatas$" : {
        "$iAmPlayerMetadatas$" : true,
        "$signature$" : "eyJjbGF6ek5hbWUiOiJvcmcuanNvbnBsYXliYWNrLnBsYXllci5oaWJlcm5hdGUuZW50aXRpZXMuTWFzdGVyQUVudCIsImlzQ29sbCI6dHJ1ZSwicHJvcGVydHlOYW1lIjoiZGV0YWlsQUVudENvbCIsInJhd0tleVZhbHVlcyI6WyIxMCJdLCJyYXdLZXlUeXBlTmFtZXMiOlsiamF2YS5sYW5nLkludGVnZXIiXX0",
        "$isLazyUninitialized$" : true,
        "$isAssociative$" : true
      }
    },
    "blobLazyA" : "TWFzdGVyQUVudF9SRUcxMF9CbG9iTGF6eUE=",
    "blobLazyB" : "TWFzdGVyQUVudF9SRUcxMF9CbG9iTGF6eUI=",
    "clobLazyA" : "MasterAEnt_REG10_ClobLazyB",
    "clobLazyB" : "MasterAEnt_REG00_ClobLazyB"
  }, {
    "$metadatas$" : {
      "$iAmPlayerMetadatas$" : true,
      "$id$" : 12,
      "$signature$" : "eyJjbGF6ek5hbWUiOiJvcmcuanNvbnBsYXliYWNrLnBsYXllci5oaWJlcm5hdGUuZW50aXRpZXMuTWFzdGVyQUVudCIsInJhd0tleVZhbHVlcyI6WyIxMSJdLCJyYXdLZXlUeXBlTmFtZXMiOlsiamF2YS5sYW5nLkludGVnZXIiXX0",
      "$playerObjectId$" : 11
    },
    "id" : 11,
    "vcharA" : "MasterAEnt_REG11_REG01_VcharA",
    "vcharB" : "MasterAEnt_REG11_REG01_VcharB",
    "dateA" : 1546300800000,
    "datetimeA" : 1546304461000,
    "blobA" : "TWFzdGVyQUVudF9SRUcwMV9CbG9iQQ==",
    "blobB" : "TWFzdGVyQUVudF9SRUcxMV9CbG9iQg==",
    "hbVersion" : 0,
    "detailAEntCol" : {
      "$metadatas$" : {
        "$iAmPlayerMetadatas$" : true,
        "$signature$" : "eyJjbGF6ek5hbWUiOiJvcmcuanNvbnBsYXliYWNrLnBsYXllci5oaWJlcm5hdGUuZW50aXRpZXMuTWFzdGVyQUVudCIsImlzQ29sbCI6dHJ1ZSwicHJvcGVydHlOYW1lIjoiZGV0YWlsQUVudENvbCIsInJhd0tleVZhbHVlcyI6WyIxMSJdLCJyYXdLZXlUeXBlTmFtZXMiOlsiamF2YS5sYW5nLkludGVnZXIiXX0",
        "$isLazyUninitialized$" : true,
        "$isAssociative$" : true
      }
    },
    "blobLazyA" : "TWFzdGVyQUVudF9SRUcxMV9CbG9iTGF6eUE=",
    "blobLazyB" : "TWFzdGVyQUVudF9SRUcxMV9CbG9iTGF6eUI=",
    "clobLazyA" : "MasterAEnt_REG11_ClobLazyB",
    "clobLazyB" : "MasterAEnt_REG01_ClobLazyB"
  }, {
    "$metadatas$" : {
      "$iAmPlayerMetadatas$" : true,
      "$id$" : 13,
      "$signature$" : "eyJjbGF6ek5hbWUiOiJvcmcuanNvbnBsYXliYWNrLnBsYXllci5oaWJlcm5hdGUuZW50aXRpZXMuTWFzdGVyQUVudCIsInJhd0tleVZhbHVlcyI6WyIxMiJdLCJyYXdLZXlUeXBlTmFtZXMiOlsiamF2YS5sYW5nLkludGVnZXIiXX0",
      "$playerObjectId$" : 12
    },
    "id" : 12,
    "vcharA" : "MasterAEnt_REG12_REG01_VcharA",
    "vcharB" : "MasterAEnt_REG12_REG01_VcharB",
    "dateA" : 1549065600000,
    "datetimeA" : 1546304522000,
    "blobA" : "TWFzdGVyQUVudF9SRUcwMl9CbG9iQQ==",
    "blobB" : "TWFzdGVyQUVudF9SRUcxMl9CbG9iQg==",
    "hbVersion" : 0,
    "detailAEntCol" : {
      "$metadatas$" : {
        "$iAmPlayerMetadatas$" : true,
        "$signature$" : "eyJjbGF6ek5hbWUiOiJvcmcuanNvbnBsYXliYWNrLnBsYXllci5oaWJlcm5hdGUuZW50aXRpZXMuTWFzdGVyQUVudCIsImlzQ29sbCI6dHJ1ZSwicHJvcGVydHlOYW1lIjoiZGV0YWlsQUVudENvbCIsInJhd0tleVZhbHVlcyI6WyIxMiJdLCJyYXdLZXlUeXBlTmFtZXMiOlsiamF2YS5sYW5nLkludGVnZXIiXX0",
        "$isLazyUninitialized$" : true,
        "$isAssociative$" : true
      }
    },
    "blobLazyA" : "TWFzdGVyQUVudF9SRUcxMl9CbG9iTGF6eUE=",
    "blobLazyB" : "TWFzdGVyQUVudF9SRUcxMl9CbG9iTGF6eUI=",
    "clobLazyA" : "MasterAEnt_REG12_ClobLazyB",
    "clobLazyB" : "MasterAEnt_REG02_ClobLazyB"
  }, {
    "$metadatas$" : {
      "$iAmPlayerMetadatas$" : true,
      "$id$" : 14,
      "$signature$" : "eyJjbGF6ek5hbWUiOiJvcmcuanNvbnBsYXliYWNrLnBsYXllci5oaWJlcm5hdGUuZW50aXRpZXMuTWFzdGVyQUVudCIsInJhd0tleVZhbHVlcyI6WyIxMyJdLCJyYXdLZXlUeXBlTmFtZXMiOlsiamF2YS5sYW5nLkludGVnZXIiXX0",
      "$playerObjectId$" : 13
    },
    "id" : 13,
    "vcharA" : "MasterAEnt_REG13_REG01_VcharA",
    "vcharB" : "MasterAEnt_REG13_REG01_VcharB",
    "dateA" : 1551571200000,
    "datetimeA" : 1546304583000,
    "blobA" : "TWFzdGVyQUVudF9SRUcwM19CbG9iQQ==",
    "blobB" : "TWFzdGVyQUVudF9SRUcxM19CbG9iQg==",
    "hbVersion" : 0,
    "detailAEntCol" : {
      "$metadatas$" : {
        "$iAmPlayerMetadatas$" : true,
        "$signature$" : "eyJjbGF6ek5hbWUiOiJvcmcuanNvbnBsYXliYWNrLnBsYXllci5oaWJlcm5hdGUuZW50aXRpZXMuTWFzdGVyQUVudCIsImlzQ29sbCI6dHJ1ZSwicHJvcGVydHlOYW1lIjoiZGV0YWlsQUVudENvbCIsInJhd0tleVZhbHVlcyI6WyIxMyJdLCJyYXdLZXlUeXBlTmFtZXMiOlsiamF2YS5sYW5nLkludGVnZXIiXX0",
        "$isLazyUninitialized$" : true,
        "$isAssociative$" : true
      }
    },
    "blobLazyA" : "TWFzdGVyQUVudF9SRUcxM19CbG9iTGF6eUE=",
    "blobLazyB" : "TWFzdGVyQUVudF9SRUcxM19CbG9iTGF6eUI=",
    "clobLazyA" : "MasterAEnt_REG13_ClobLazyB",
    "clobLazyB" : "MasterAEnt_REG03_ClobLazyB"
  }, {
    "$metadatas$" : {
      "$iAmPlayerMetadatas$" : true,
      "$id$" : 15,
      "$signature$" : "eyJjbGF6ek5hbWUiOiJvcmcuanNvbnBsYXliYWNrLnBsYXllci5oaWJlcm5hdGUuZW50aXRpZXMuTWFzdGVyQUVudCIsInJhd0tleVZhbHVlcyI6WyIxNCJdLCJyYXdLZXlUeXBlTmFtZXMiOlsiamF2YS5sYW5nLkludGVnZXIiXX0",
      "$playerObjectId$" : 14
    },
    "id" : 14,
    "vcharA" : "MasterAEnt_REG14_REG01_VcharA",
    "vcharB" : "MasterAEnt_REG14_REG01_VcharB",
    "dateA" : 1554336000000,
    "datetimeA" : 1546304644000,
    "blobA" : "TWFzdGVyQUVudF9SRUcwNF9CbG9iQQ==",
    "blobB" : "TWFzdGVyQUVudF9SRUcxNF9CbG9iQg==",
    "hbVersion" : 0,
    "detailAEntCol" : {
      "$metadatas$" : {
        "$iAmPlayerMetadatas$" : true,
        "$signature$" : "eyJjbGF6ek5hbWUiOiJvcmcuanNvbnBsYXliYWNrLnBsYXllci5oaWJlcm5hdGUuZW50aXRpZXMuTWFzdGVyQUVudCIsImlzQ29sbCI6dHJ1ZSwicHJvcGVydHlOYW1lIjoiZGV0YWlsQUVudENvbCIsInJhd0tleVZhbHVlcyI6WyIxNCJdLCJyYXdLZXlUeXBlTmFtZXMiOlsiamF2YS5sYW5nLkludGVnZXIiXX0",
        "$isLazyUninitialized$" : true,
        "$isAssociative$" : true
      }
    },
    "blobLazyA" : "TWFzdGVyQUVudF9SRUcxNF9CbG9iTGF6eUE=",
    "blobLazyB" : "TWFzdGVyQUVudF9SRUcxNF9CbG9iTGF6eUI=",
    "clobLazyA" : "MasterAEnt_REG14_ClobLazyB",
    "clobLazyB" : "MasterAEnt_REG04_ClobLazyB"
  }, {
    "$metadatas$" : {
      "$iAmPlayerMetadatas$" : true,
      "$id$" : 16,
      "$signature$" : "eyJjbGF6ek5hbWUiOiJvcmcuanNvbnBsYXliYWNrLnBsYXllci5oaWJlcm5hdGUuZW50aXRpZXMuTWFzdGVyQUVudCIsInJhd0tleVZhbHVlcyI6WyIxNSJdLCJyYXdLZXlUeXBlTmFtZXMiOlsiamF2YS5sYW5nLkludGVnZXIiXX0",
      "$playerObjectId$" : 15
    },
    "id" : 15,
    "vcharA" : "MasterAEnt_REG15_REG01_VcharA",
    "vcharB" : "MasterAEnt_REG15_REG01_VcharB",
    "dateA" : 1557014400000,
    "datetimeA" : 1546304705000,
    "blobA" : "TWFzdGVyQUVudF9SRUcwNV9CbG9iQQ==",
    "blobB" : "TWFzdGVyQUVudF9SRUcxNV9CbG9iQg==",
    "hbVersion" : 0,
    "detailAEntCol" : {
      "$metadatas$" : {
        "$iAmPlayerMetadatas$" : true,
        "$signature$" : "eyJjbGF6ek5hbWUiOiJvcmcuanNvbnBsYXliYWNrLnBsYXllci5oaWJlcm5hdGUuZW50aXRpZXMuTWFzdGVyQUVudCIsImlzQ29sbCI6dHJ1ZSwicHJvcGVydHlOYW1lIjoiZGV0YWlsQUVudENvbCIsInJhd0tleVZhbHVlcyI6WyIxNSJdLCJyYXdLZXlUeXBlTmFtZXMiOlsiamF2YS5sYW5nLkludGVnZXIiXX0",
        "$isLazyUninitialized$" : true,
        "$isAssociative$" : true
      }
    },
    "blobLazyA" : "TWFzdGVyQUVudF9SRUcxNV9CbG9iTGF6eUE=",
    "blobLazyB" : "TWFzdGVyQUVudF9SRUcxNV9CbG9iTGF6eUI=",
    "clobLazyA" : "MasterAEnt_REG15_ClobLazyB",
    "clobLazyB" : "MasterAEnt_REG05_ClobLazyB"
  }, {
    "$metadatas$" : {
      "$iAmPlayerMetadatas$" : true,
      "$id$" : 17,
      "$signature$" : "eyJjbGF6ek5hbWUiOiJvcmcuanNvbnBsYXliYWNrLnBsYXllci5oaWJlcm5hdGUuZW50aXRpZXMuTWFzdGVyQUVudCIsInJhd0tleVZhbHVlcyI6WyIxNiJdLCJyYXdLZXlUeXBlTmFtZXMiOlsiamF2YS5sYW5nLkludGVnZXIiXX0",
      "$playerObjectId$" : 16
    },
    "id" : 16,
    "vcharA" : "MasterAEnt_REG16_REG01_VcharA",
    "vcharB" : "MasterAEnt_REG16_REG01_VcharB",
    "dateA" : 1559779200000,
    "datetimeA" : 1546304766000,
    "blobA" : "TWFzdGVyQUVudF9SRUcwNl9CbG9iQQ==",
    "blobB" : "TWFzdGVyQUVudF9SRUcxNl9CbG9iQg==",
    "hbVersion" : 0,
    "detailAEntCol" : {
      "$metadatas$" : {
        "$iAmPlayerMetadatas$" : true,
        "$signature$" : "eyJjbGF6ek5hbWUiOiJvcmcuanNvbnBsYXliYWNrLnBsYXllci5oaWJlcm5hdGUuZW50aXRpZXMuTWFzdGVyQUVudCIsImlzQ29sbCI6dHJ1ZSwicHJvcGVydHlOYW1lIjoiZGV0YWlsQUVudENvbCIsInJhd0tleVZhbHVlcyI6WyIxNiJdLCJyYXdLZXlUeXBlTmFtZXMiOlsiamF2YS5sYW5nLkludGVnZXIiXX0",
        "$isLazyUninitialized$" : true,
        "$isAssociative$" : true
      }
    },
    "blobLazyA" : "TWFzdGVyQUVudF9SRUcxNl9CbG9iTGF6eUE=",
    "blobLazyB" : "TWFzdGVyQUVudF9SRUcxNl9CbG9iTGF6eUI=",
    "clobLazyA" : "MasterAEnt_REG16_ClobLazyB",
    "clobLazyB" : "MasterAEnt_REG06_ClobLazyB"
  }, {
    "$metadatas$" : {
      "$iAmPlayerMetadatas$" : true,
      "$id$" : 18,
      "$signature$" : "eyJjbGF6ek5hbWUiOiJvcmcuanNvbnBsYXliYWNrLnBsYXllci5oaWJlcm5hdGUuZW50aXRpZXMuTWFzdGVyQUVudCIsInJhd0tleVZhbHVlcyI6WyIxNyJdLCJyYXdLZXlUeXBlTmFtZXMiOlsiamF2YS5sYW5nLkludGVnZXIiXX0",
      "$playerObjectId$" : 17
    },
    "id" : 17,
    "vcharA" : "MasterAEnt_REG17_REG01_VcharA",
    "vcharB" : "MasterAEnt_REG17_REG01_VcharB",
    "dateA" : 1562457600000,
    "datetimeA" : 1546304827000,
    "blobA" : "TWFzdGVyQUVudF9SRUcwN19CbG9iQQ==",
    "blobB" : "TWFzdGVyQUVudF9SRUcxN19CbG9iQg==",
    "hbVersion" : 0,
    "detailAEntCol" : {
      "$metadatas$" : {
        "$iAmPlayerMetadatas$" : true,
        "$signature$" : "eyJjbGF6ek5hbWUiOiJvcmcuanNvbnBsYXliYWNrLnBsYXllci5oaWJlcm5hdGUuZW50aXRpZXMuTWFzdGVyQUVudCIsImlzQ29sbCI6dHJ1ZSwicHJvcGVydHlOYW1lIjoiZGV0YWlsQUVudENvbCIsInJhd0tleVZhbHVlcyI6WyIxNyJdLCJyYXdLZXlUeXBlTmFtZXMiOlsiamF2YS5sYW5nLkludGVnZXIiXX0",
        "$isLazyUninitialized$" : true,
        "$isAssociative$" : true
      }
    },
    "blobLazyA" : "TWFzdGVyQUVudF9SRUcxN19CbG9iTGF6eUE=",
    "blobLazyB" : "TWFzdGVyQUVudF9SRUcxN19CbG9iTGF6eUI=",
    "clobLazyA" : "MasterAEnt_REG17_ClobLazyB",
    "clobLazyB" : "MasterAEnt_REG07_ClobLazyB"
  }, {
    "$metadatas$" : {
      "$iAmPlayerMetadatas$" : true,
      "$id$" : 19,
      "$signature$" : "eyJjbGF6ek5hbWUiOiJvcmcuanNvbnBsYXliYWNrLnBsYXllci5oaWJlcm5hdGUuZW50aXRpZXMuTWFzdGVyQUVudCIsInJhd0tleVZhbHVlcyI6WyIxOCJdLCJyYXdLZXlUeXBlTmFtZXMiOlsiamF2YS5sYW5nLkludGVnZXIiXX0",
      "$playerObjectId$" : 18
    },
    "id" : 18,
    "vcharA" : "MasterAEnt_REG18_REG01_VcharA",
    "vcharB" : "MasterAEnt_REG18_REG01_VcharB",
    "dateA" : 1565222400000,
    "datetimeA" : 1546304888000,
    "blobA" : "TWFzdGVyQUVudF9SRUcwOF9CbG9iQQ==",
    "blobB" : "TWFzdGVyQUVudF9SRUcxOF9CbG9iQg==",
    "hbVersion" : 0,
    "detailAEntCol" : {
      "$metadatas$" : {
        "$iAmPlayerMetadatas$" : true,
        "$signature$" : "eyJjbGF6ek5hbWUiOiJvcmcuanNvbnBsYXliYWNrLnBsYXllci5oaWJlcm5hdGUuZW50aXRpZXMuTWFzdGVyQUVudCIsImlzQ29sbCI6dHJ1ZSwicHJvcGVydHlOYW1lIjoiZGV0YWlsQUVudENvbCIsInJhd0tleVZhbHVlcyI6WyIxOCJdLCJyYXdLZXlUeXBlTmFtZXMiOlsiamF2YS5sYW5nLkludGVnZXIiXX0",
        "$isLazyUninitialized$" : true,
        "$isAssociative$" : true
      }
    },
    "blobLazyA" : "TWFzdGVyQUVudF9SRUcxOF9CbG9iTGF6eUE=",
    "blobLazyB" : "TWFzdGVyQUVudF9SRUcxOF9CbG9iTGF6eUI=",
    "clobLazyA" : "MasterAEnt_REG18_ClobLazyB",
    "clobLazyB" : "MasterAEnt_REG08_ClobLazyB"
  }, {
    "$metadatas$" : {
      "$iAmPlayerMetadatas$" : true,
      "$id$" : 20,
      "$signature$" : "eyJjbGF6ek5hbWUiOiJvcmcuanNvbnBsYXliYWNrLnBsYXllci5oaWJlcm5hdGUuZW50aXRpZXMuTWFzdGVyQUVudCIsInJhd0tleVZhbHVlcyI6WyIxOSJdLCJyYXdLZXlUeXBlTmFtZXMiOlsiamF2YS5sYW5nLkludGVnZXIiXX0",
      "$playerObjectId$" : 19
    },
    "id" : 19,
    "vcharA" : "MasterAEnt_REG19_REG01_VcharA",
    "vcharB" : "MasterAEnt_REG19_REG01_VcharB",
    "dateA" : 1567987200000,
    "datetimeA" : 1546304949000,
    "blobA" : "TWFzdGVyQUVudF9SRUcwOV9CbG9iQQ==",
    "blobB" : "TWFzdGVyQUVudF9SRUcxOV9CbG9iQg==",
    "hbVersion" : 0,
    "detailAEntCol" : {
      "$metadatas$" : {
        "$iAmPlayerMetadatas$" : true,
        "$signature$" : "eyJjbGF6ek5hbWUiOiJvcmcuanNvbnBsYXliYWNrLnBsYXllci5oaWJlcm5hdGUuZW50aXRpZXMuTWFzdGVyQUVudCIsImlzQ29sbCI6dHJ1ZSwicHJvcGVydHlOYW1lIjoiZGV0YWlsQUVudENvbCIsInJhd0tleVZhbHVlcyI6WyIxOSJdLCJyYXdLZXlUeXBlTmFtZXMiOlsiamF2YS5sYW5nLkludGVnZXIiXX0",
        "$isLazyUninitialized$" : true,
        "$isAssociative$" : true
      }
    },
    "blobLazyA" : "TWFzdGVyQUVudF9SRUcxOV9CbG9iTGF6eUE=",
    "blobLazyB" : "TWFzdGVyQUVudF9SRUcxOV9CbG9iTGF6eUI=",
    "clobLazyA" : "MasterAEnt_REG19_ClobLazyB",
    "clobLazyB" : "MasterAEnt_REG09_ClobLazyB"
  } ]
}