{
  "result" : {
    "$jsHbMetadatas$" : {
      "$iAmJsHbBackendMetadatas$" : true,
      "$id$" : 1,
      "$signature$" : "eyJjbGF6ek5hbWUiOiJvcmcuanNvbnBsYXliYWNrLnBsYXllci5oaWJlcm5hdGUuZW50aXRpZXMuTWFzdGVyQkVudCIsInJhd0tleVZhbHVlcyI6WyIxIiwiMSJdLCJyYXdLZXlUeXBlTmFtZXMiOlsiamF2YS5sYW5nLkludGVnZXIiLCJqYXZhLmxhbmcuSW50ZWdlciJdfQ",
      "$hibernateId$" : {
        "$jsHbMetadatas$" : {
          "$iAmJsHbBackendMetadatas$" : true,
          "$id$" : 2,
          "$signature$" : "eyJjbGF6ek5hbWUiOiJvcmcuanNvbnBsYXliYWNrLnBsYXllci5oaWJlcm5hdGUuZW50aXRpZXMuTWFzdGVyQkVudCIsImlzQ29tcCI6dHJ1ZSwicHJvcGVydHlOYW1lIjoiY29tcElkIiwicmF3S2V5VmFsdWVzIjpbIjEiLCIxIl0sInJhd0tleVR5cGVOYW1lcyI6WyJqYXZhLmxhbmcuSW50ZWdlciIsImphdmEubGFuZy5JbnRlZ2VyIl19",
          "$isComponent$" : true,
          "$isComponentHibernateId$" : true
        },
        "idA" : 1,
        "idB" : 1
      }
    },
    "compId" : {
      "$jsHbMetadatas$" : {
        "$iAmJsHbBackendMetadatas$" : true,
        "$idRef$" : 2
      }
    },
    "vcharA" : "MasterBEnt_REG01_REG01_VcharA",
    "vcharB" : "MasterBEnt_REG01_REG01_VcharB",
    "dateA" : 1546300800000,
    "datetimeA" : 1546304461000,
    "blobA" : "TWFzdGVyQkVudF9SRUcwMV9CbG9iQQ==",
    "blobB" : "TWFzdGVyQkVudF9SRUcwMV9CbG9iQg==",
    "hbVersion" : 0,
    "detailAEntCol" : {
      "$jsHbMetadatas$" : {
        "$iAmJsHbBackendMetadatas$" : true,
        "$signature$" : "eyJjbGF6ek5hbWUiOiJvcmcuanNvbnBsYXliYWNrLnBsYXllci5oaWJlcm5hdGUuZW50aXRpZXMuTWFzdGVyQkVudCIsImlzQ29sbCI6dHJ1ZSwicHJvcGVydHlOYW1lIjoiZGV0YWlsQUVudENvbCIsInJhd0tleVZhbHVlcyI6WyIxIiwiMSJdLCJyYXdLZXlUeXBlTmFtZXMiOlsiamF2YS5sYW5nLkludGVnZXIiLCJqYXZhLmxhbmcuSW50ZWdlciJdfQ",
        "$isLazyUninitialized$" : true,
        "$isAssociative$" : true
      }
    },
    "masterBComp" : {
      "$jsHbMetadatas$" : {
        "$iAmJsHbBackendMetadatas$" : true,
        "$id$" : 3,
        "$signature$" : "eyJjbGF6ek5hbWUiOiJvcmcuanNvbnBsYXliYWNrLnBsYXllci5oaWJlcm5hdGUuZW50aXRpZXMuTWFzdGVyQkVudCIsImlzQ29tcCI6dHJ1ZSwicHJvcGVydHlOYW1lIjoibWFzdGVyQkNvbXAiLCJyYXdLZXlWYWx1ZXMiOlsiMSIsIjEiXSwicmF3S2V5VHlwZU5hbWVzIjpbImphdmEubGFuZy5JbnRlZ2VyIiwiamF2YS5sYW5nLkludGVnZXIiXX0",
        "$isComponent$" : true
      },
      "detailAEntCol" : {
        "$jsHbMetadatas$" : {
          "$iAmJsHbBackendMetadatas$" : true,
          "$signature$" : "eyJjbGF6ek5hbWUiOiJvcmcuanNvbnBsYXliYWNrLnBsYXllci5oaWJlcm5hdGUuZW50aXRpZXMuTWFzdGVyQkVudCIsImlzQ29sbCI6dHJ1ZSwicHJvcGVydHlOYW1lIjoibWFzdGVyQkNvbXAuZGV0YWlsQUVudENvbCIsInJhd0tleVZhbHVlcyI6WyIxIiwiMSJdLCJyYXdLZXlUeXBlTmFtZXMiOlsiamF2YS5sYW5nLkludGVnZXIiLCJqYXZhLmxhbmcuSW50ZWdlciJdfQ",
          "$isLazyUninitialized$" : true,
          "$isAssociative$" : true
        }
      },
      "masterBCompComp" : {
        "$jsHbMetadatas$" : {
          "$iAmJsHbBackendMetadatas$" : true,
          "$id$" : 4,
          "$signature$" : "eyJjbGF6ek5hbWUiOiJvcmcuanNvbnBsYXliYWNrLnBsYXllci5oaWJlcm5hdGUuZW50aXRpZXMuTWFzdGVyQkVudCIsImlzQ29tcCI6dHJ1ZSwicHJvcGVydHlOYW1lIjoibWFzdGVyQkNvbXAubWFzdGVyQkNvbXBDb21wIiwicmF3S2V5VmFsdWVzIjpbIjEiLCIxIl0sInJhd0tleVR5cGVOYW1lcyI6WyJqYXZhLmxhbmcuSW50ZWdlciIsImphdmEubGFuZy5JbnRlZ2VyIl19",
          "$isComponent$" : true
        },
        "detailAEntCol" : {
          "$jsHbMetadatas$" : {
            "$iAmJsHbBackendMetadatas$" : true,
            "$signature$" : "eyJjbGF6ek5hbWUiOiJvcmcuanNvbnBsYXliYWNrLnBsYXllci5oaWJlcm5hdGUuZW50aXRpZXMuTWFzdGVyQkVudCIsImlzQ29sbCI6dHJ1ZSwicHJvcGVydHlOYW1lIjoibWFzdGVyQkNvbXAubWFzdGVyQkNvbXBDb21wLmRldGFpbEFFbnRDb2wiLCJyYXdLZXlWYWx1ZXMiOlsiMSIsIjEiXSwicmF3S2V5VHlwZU5hbWVzIjpbImphdmEubGFuZy5JbnRlZ2VyIiwiamF2YS5sYW5nLkludGVnZXIiXX0",
            "$isLazyUninitialized$" : true,
            "$isAssociative$" : true
          }
        }
      }
    }
  }
}